+
{ "h" }
{ "hello" }
{ "hell" }
{ "hello" }
{ "hello" }
{ "", "" }+
Position<0:4>
Position<0:4>
Position<0:4>
Position<0:4>
Position<0:0>+
{ "hello", "world" }+
'[{"lines":[{"char_diff":[{"new_range":{"end_":1,"start":1},"type":"common","old_range":{"end_":1,"start":1},"char":"L"},{"new_range":{"end_":2,"start":2},"type":"common","old_range":{"end_":2,"start":2},"char":"i"},{"new_range":{"end_":3,"start":3},"type":"common","old_range":{"end_":3,"start":3},"char":"n"},{"new_range":{"end_":4,"start":4},"type":"common","old_range":{"end_":4,"start":4},"char":"e"},{"new_range":{"end_":5,"start":5},"type":"common","old_range":{"end_":5,"start":5},"char":" "},{"new_range":{"end_":6,"start":6},"type":"common","old_range":{"end_":6,"start":6},"char":"3"},{"new_range":{"end_":7,"start":7},"type":"common","old_range":{"end_":7,"start":7},"char":":"},{"type":"remove","old_range":{"end_":8,"start":8},"char":" "},{"type":"remove","old_range":{"end_":9,"start":9},"char":"T"},{"type":"remove","old_range":{"end_":10,"start":10},"char":"o"},{"new_range":{"end_":8,"start":8},"type":"common","old_range":{"end_":11,"start":11},"char":" "},{"type":"remove","old_range":{"end_":12,"start":12},"char":"b"},{"type":"add","new_range":{"end_":9,"start":9},"char":"N"},{"new_range":{"end_":10,"start":10},"type":"common","old_range":{"end_":13,"start":13},"char":"e"},{"type":"add","new_range":{"end_":11,"start":11},"char":"w"},{"new_range":{"end_":12,"start":12},"type":"common","old_range":{"end_":14,"start":14},"char":" "},{"type":"remove","old_range":{"end_":15,"start":15},"char":"d"},{"type":"remove","old_range":{"end_":16,"start":16},"char":"e"},{"new_range":{"end_":13,"start":13},"type":"common","old_range":{"end_":17,"start":17},"char":"l"},{"type":"add","new_range":{"end_":14,"start":14},"char":"i"},{"type":"add","new_range":{"end_":15,"start":15},"char":"n"},{"type":"add","new_range":{"end_":16,"start":16},"char":"e"},{"type":"add","new_range":{"end_":17,"start":17},"char":" "},{"type":"add","new_range":{"end_":18,"start":18},"char":"i"},{"type":"add","new_range":{"end_":19,"start":19},"char":"n"},{"type":"add","new_range":{"end_":20,"start":20},"char":"s"},{"new_range":{"end_":21,"start":21},"type":"common","old_range":{"end_":18,"start":18},"char":"e"},{"type":"add","new_range":{"end_":22,"start":22},"char":"r"},{"new_range":{"end_":23,"start":23},"type":"common","old_range":{"end_":19,"start":19},"char":"t"},{"new_range":{"end_":24,"start":24},"type":"common","old_range":{"end_":20,"start":20},"char":"e"},{"new_range":{"end_":25,"start":25},"type":"common","old_range":{"end_":21,"start":21},"char":"d"}],"type":"remove","line":"Line 3: To be deleted","old_lnum":1},{"char_diff":[{"new_range":{"end_":1,"start":1},"type":"common","old_range":{"end_":1,"start":1},"char":"L"},{"new_range":{"end_":2,"start":2},"type":"common","old_range":{"end_":2,"start":2},"char":"i"},{"new_range":{"end_":3,"start":3},"type":"common","old_range":{"end_":3,"start":3},"char":"n"},{"new_range":{"end_":4,"start":4},"type":"common","old_range":{"end_":4,"start":4},"char":"e"},{"new_range":{"end_":5,"start":5},"type":"common","old_range":{"end_":5,"start":5},"char":" "},{"new_range":{"end_":6,"start":6},"type":"common","old_range":{"end_":6,"start":6},"char":"3"},{"new_range":{"end_":7,"start":7},"type":"common","old_range":{"end_":7,"start":7},"char":":"},{"type":"remove","old_range":{"end_":8,"start":8},"char":" "},{"type":"remove","old_range":{"end_":9,"start":9},"char":"T"},{"type":"remove","old_range":{"end_":10,"start":10},"char":"o"},{"new_range":{"end_":8,"start":8},"type":"common","old_range":{"end_":11,"start":11},"char":" "},{"type":"remove","old_range":{"end_":12,"start":12},"char":"b"},{"type":"add","new_range":{"end_":9,"start":9},"char":"N"},{"new_range":{"end_":10,"start":10},"type":"common","old_range":{"end_":13,"start":13},"char":"e"},{"type":"add","new_range":{"end_":11,"start":11},"char":"w"},{"new_range":{"end_":12,"start":12},"type":"common","old_range":{"end_":14,"start":14},"char":" "},{"type":"remove","old_range":{"end_":15,"start":15},"char":"d"},{"type":"remove","old_range":{"end_":16,"start":16},"char":"e"},{"new_range":{"end_":13,"start":13},"type":"common","old_range":{"end_":17,"start":17},"char":"l"},{"type":"add","new_range":{"end_":14,"start":14},"char":"i"},{"type":"add","new_range":{"end_":15,"start":15},"char":"n"},{"type":"add","new_range":{"end_":16,"start":16},"char":"e"},{"type":"add","new_range":{"end_":17,"start":17},"char":" "},{"type":"add","new_range":{"end_":18,"start":18},"char":"i"},{"type":"add","new_range":{"end_":19,"start":19},"char":"n"},{"type":"add","new_range":{"end_":20,"start":20},"char":"s"},{"new_range":{"end_":21,"start":21},"type":"common","old_range":{"end_":18,"start":18},"char":"e"},{"type":"add","new_range":{"end_":22,"start":22},"char":"r"},{"new_range":{"end_":23,"start":23},"type":"common","old_range":{"end_":19,"start":19},"char":"t"},{"new_range":{"end_":24,"start":24},"type":"common","old_range":{"end_":20,"start":20},"char":"e"},{"new_range":{"end_":25,"start":25},"type":"common","old_range":{"end_":21,"start":21},"char":"d"}],"type":"add","line":"Line 3: New line inserted","new_lnum":1}],"old_start":1,"old_end":1,"new_start":1,"new_end":1},{"lines":[{"type":"remove","line":">>>>","old_lnum":3},{"char_diff":[{"new_range":{"end_":1,"start":1},"type":"common","old_range":{"end_":1,"start":1},"char":"P"},{"new_range":{"end_":2,"start":2},"type":"common","old_range":{"end_":2,"start":2},"char":"P"},{"type":"add","new_range":{"end_":3,"start":3},"char":"1"}],"type":"remove","line":"PP","old_lnum":4},{"type":"add","line":"<<<<","new_lnum":3},{"char_diff":[{"new_range":{"end_":1,"start":1},"type":"common","old_range":{"end_":1,"start":1},"char":"P"},{"new_range":{"end_":2,"start":2},"type":"common","old_range":{"end_":2,"start":2},"char":"P"},{"type":"add","new_range":{"end_":3,"start":3},"char":"1"}],"type":"add","line":"PP1","new_lnum":4}],"old_start":3,"old_end":4,"new_start":3,"new_end":4}]'+
'[{"lines":[{"char_diff":[{"new_range":{"end_":1,"start":1},"type":"common","old_range":{"end_":1,"start":1},"char":"L"},{"new_range":{"end_":2,"start":2},"type":"common","old_range":{"end_":2,"start":2},"char":"i"},{"new_range":{"end_":3,"start":3},"type":"common","old_range":{"end_":3,"start":3},"char":"n"},{"new_range":{"end_":4,"start":4},"type":"common","old_range":{"end_":4,"start":4},"char":"e"},{"new_range":{"end_":5,"start":5},"type":"common","old_range":{"end_":5,"start":5},"char":" "},{"new_range":{"end_":6,"start":6},"type":"common","old_range":{"end_":6,"start":6},"char":"3"},{"new_range":{"end_":7,"start":7},"type":"common","old_range":{"end_":7,"start":7},"char":":"},{"type":"remove","old_range":{"end_":8,"start":8},"char":" "},{"type":"remove","old_range":{"end_":9,"start":9},"char":"T"},{"type":"remove","old_range":{"end_":10,"start":10},"char":"o"},{"new_range":{"end_":8,"start":8},"type":"common","old_range":{"end_":11,"start":11},"char":" "},{"type":"remove","old_range":{"end_":12,"start":12},"char":"b"},{"type":"add","new_range":{"end_":9,"start":9},"char":"N"},{"new_range":{"end_":10,"start":10},"type":"common","old_range":{"end_":13,"start":13},"char":"e"},{"type":"add","new_range":{"end_":11,"start":11},"char":"w"},{"new_range":{"end_":12,"start":12},"type":"common","old_range":{"end_":14,"start":14},"char":" "},{"type":"remove","old_range":{"end_":15,"start":15},"char":"d"},{"type":"remove","old_range":{"end_":16,"start":16},"char":"e"},{"new_range":{"end_":13,"start":13},"type":"common","old_range":{"end_":17,"start":17},"char":"l"},{"type":"add","new_range":{"end_":14,"start":14},"char":"i"},{"type":"add","new_range":{"end_":15,"start":15},"char":"n"},{"type":"add","new_range":{"end_":16,"start":16},"char":"e"},{"type":"add","new_range":{"end_":17,"start":17},"char":" "},{"type":"add","new_range":{"end_":18,"start":18},"char":"i"},{"type":"add","new_range":{"end_":19,"start":19},"char":"n"},{"type":"add","new_range":{"end_":20,"start":20},"char":"s"},{"new_range":{"end_":21,"start":21},"type":"common","old_range":{"end_":18,"start":18},"char":"e"},{"type":"add","new_range":{"end_":22,"start":22},"char":"r"},{"new_range":{"end_":23,"start":23},"type":"common","old_range":{"end_":19,"start":19},"char":"t"},{"new_range":{"end_":24,"start":24},"type":"common","old_range":{"end_":20,"start":20},"char":"e"},{"new_range":{"end_":25,"start":25},"type":"common","old_range":{"end_":21,"start":21},"char":"d"}],"type":"remove","line":"Line 3: To be deleted"},{"char_diff":[{"new_range":{"end_":1,"start":1},"type":"common","old_range":{"end_":1,"start":1},"char":"L"},{"new_range":{"end_":2,"start":2},"type":"common","old_range":{"end_":2,"start":2},"char":"i"},{"new_range":{"end_":3,"start":3},"type":"common","old_range":{"end_":3,"start":3},"char":"n"},{"new_range":{"end_":4,"start":4},"type":"common","old_range":{"end_":4,"start":4},"char":"e"},{"new_range":{"end_":5,"start":5},"type":"common","old_range":{"end_":5,"start":5},"char":" "},{"new_range":{"end_":6,"start":6},"type":"common","old_range":{"end_":6,"start":6},"char":"3"},{"new_range":{"end_":7,"start":7},"type":"common","old_range":{"end_":7,"start":7},"char":":"},{"type":"remove","old_range":{"end_":8,"start":8},"char":" "},{"type":"remove","old_range":{"end_":9,"start":9},"char":"T"},{"type":"remove","old_range":{"end_":10,"start":10},"char":"o"},{"new_range":{"end_":8,"start":8},"type":"common","old_range":{"end_":11,"start":11},"char":" "},{"type":"remove","old_range":{"end_":12,"start":12},"char":"b"},{"type":"add","new_range":{"end_":9,"start":9},"char":"N"},{"new_range":{"end_":10,"start":10},"type":"common","old_range":{"end_":13,"start":13},"char":"e"},{"type":"add","new_range":{"end_":11,"start":11},"char":"w"},{"new_range":{"end_":12,"start":12},"type":"common","old_range":{"end_":14,"start":14},"char":" "},{"type":"remove","old_range":{"end_":15,"start":15},"char":"d"},{"type":"remove","old_range":{"end_":16,"start":16},"char":"e"},{"new_range":{"end_":13,"start":13},"type":"common","old_range":{"end_":17,"start":17},"char":"l"},{"type":"add","new_range":{"end_":14,"start":14},"char":"i"},{"type":"add","new_range":{"end_":15,"start":15},"char":"n"},{"type":"add","new_range":{"end_":16,"start":16},"char":"e"},{"type":"add","new_range":{"end_":17,"start":17},"char":" "},{"type":"add","new_range":{"end_":18,"start":18},"char":"i"},{"type":"add","new_range":{"end_":19,"start":19},"char":"n"},{"type":"add","new_range":{"end_":20,"start":20},"char":"s"},{"new_range":{"end_":21,"start":21},"type":"common","old_range":{"end_":18,"start":18},"char":"e"},{"type":"add","new_range":{"end_":22,"start":22},"char":"r"},{"new_range":{"end_":23,"start":23},"type":"common","old_range":{"end_":19,"start":19},"char":"t"},{"new_range":{"end_":24,"start":24},"type":"common","old_range":{"end_":20,"start":20},"char":"e"},{"new_range":{"end_":25,"start":25},"type":"common","old_range":{"end_":21,"start":21},"char":"d"}],"type":"add","line":"Line 3: New line inserted"}],"old_start":1,"old_end":1,"new_start":1,"new_end":1},{"lines":[{"line":">>>>","type":"remove"},{"char_diff":[{"new_range":{"end_":1,"start":1},"type":"common","old_range":{"end_":1,"start":1},"char":"P"},{"new_range":{"end_":2,"start":2},"type":"common","old_range":{"end_":2,"start":2},"char":"P"},{"type":"add","new_range":{"end_":3,"start":3},"char":"1"}],"type":"remove","line":"PP"},{"line":"<<<<","type":"add"},{"char_diff":[{"new_range":{"end_":1,"start":1},"type":"common","old_range":{"end_":1,"start":1},"char":"P"},{"new_range":{"end_":2,"start":2},"type":"common","old_range":{"end_":2,"start":2},"char":"P"},{"type":"add","new_range":{"end_":3,"start":3},"char":"1"}],"type":"add","line":"PP1"}],"old_start":3,"old_end":4,"new_start":3,"new_end":4}]'+
6 successes / 0 failures / 0 errors / 0 pending : 0.024342 seconds

